// Jest Snapshot v1, https://goo.gl/fbAQLP

exports[`should render EditExpensePage correctly 1`] = `
<div>
  Editing Expense for id: 
  3
  <ExpenseForm
    expense={
      Object {
        "amount": 4500,
        "createdAt": 345600000,
        "description": "Credit Card",
        "id": "3",
        "note": "",
      }
    }
    onSubmission={[Function]}
  />
  <button
    onClick={[Function]}
  >
     Remove 
  </button>
</div>
`;
