// Jest Snapshot v1, https://goo.gl/fbAQLP

exports[`should render ExpenseList with fixtures expenses 1`] = `
<div>
  <h2>
    From Expense List
  </h2>
  <ExpenseListItem
    amount={195}
    createdAt={0}
    description="Gum"
    id="1"
    key="1"
    note=""
  />
  <ExpenseListItem
    amount={9000}
    createdAt={-345600000}
    description="Rent"
    id="2"
    key="2"
    note=""
  />
  <ExpenseListItem
    amount={4500}
    createdAt={345600000}
    description="Credit Card"
    id="3"
    key="3"
    note=""
  />
</div>
`;

exports[`should render ExpenseList with no expenses message 1`] = `
<div>
  <h2>
    From Expense List
  </h2>
  <p>
    No expenses yet!!!
  </p>
</div>
`;
