// Jest Snapshot v1, https://goo.gl/fbAQLP

exports[`should render single list item 1`] = `
<div>
  <Link
    to="/edit/3"
  >
    <h3>
      Credit Card
       
    </h3>
  </Link>
  <h4>
    Amount: 
    4500
     Created: 
    345600000
  </h4>
</div>
`;
