// Jest Snapshot v1, https://goo.gl/fbAQLP

exports[`should render Login page 1`] = `
<div>
  <h1>
    Welcome To Expensify App
  </h1>
  <h5>
    Please Login Below
  </h5>
  <button
    onClick={[Function]}
  >
    Login
  </button>
</div>
`;
